<testsuites id="" name="" tests="64" failures="4" skipped="0" errors="0" time="155.69018100000002">
<testsuite name="activity/state-detection.spec.ts" timestamp="2026-03-13T12:10:49.196Z" hostname="electron" tests="6" failures="1" skipped="0" time="7.157" errors="0">
<testcase name="Activity Monitor › system reports degraded mode in test environment" classname="activity/state-detection.spec.ts" time="0.758">
<failure message="state-detection.spec.ts:22:7 system reports degraded mode in test environment" type="FAILURE">
<![CDATA[  [electron] › activity/state-detection.spec.ts:22:7 › Activity Monitor › system reports degraded mode in test environment 

    Error: expect(received).toBe(expected) // Object.is equality

    Expected: true
    Received: false

      26 |
      27 |     // Test mode disables activity monitor (no permissions needed)
    > 28 |     expect(status.activityDegraded).toBe(true)
         |                                     ^
      29 |   })
      30 |
      31 |   test('activity state listener can be registered', async ({ page }) => {
        at /Users/laxus/Desktop/Projects/Lumina/tests/e2e/activity/state-detection.spec.ts:28:37

    attachment #1: screenshot (image/png) ──────────────────────────────────────────────────────────
    ../../test-results/activity-state-detection-A-e72e1-ed-mode-in-test-environment-electron/test-failed-1.png
    ────────────────────────────────────────────────────────────────────────────────────────────────
]]>
</failure>
<system-out>
<![CDATA[
[[ATTACHMENT|activity-state-detection-A-e72e1-ed-mode-in-test-environment-electron/test-failed-1.png]]
]]>
</system-out>
</testcase>
<testcase name="Activity Monitor › activity state listener can be registered" classname="activity/state-detection.spec.ts" time="2.72">
</testcase>
<testcase name="Activity Monitor › activity state structure is correct if received" classname="activity/state-detection.spec.ts" time="1.666">
</testcase>
<testcase name="Activity Monitor › settings reflect activity monitor state" classname="activity/state-detection.spec.ts" time="0.661">
</testcase>
<testcase name="Activity Monitor › activity monitor can be toggled via settings" classname="activity/state-detection.spec.ts" time="0.677">
</testcase>
<testcase name="Activity Classification (Unit Tests Cover This) › 8-state classification is implemented" classname="activity/state-detection.spec.ts" time="0.675">
</testcase>
</testsuite>
<testsuite name="agent/gates.spec.ts" timestamp="2026-03-13T12:10:49.196Z" hostname="electron" tests="7" failures="1" skipped="0" time="6.716" errors="0">
<testcase name="Agent Gate System › agent events are logged with gate results" classname="agent/gates.spec.ts" time="0.657">
</testcase>
<testcase name="Agent Gate System › system reports correct activity state in test mode" classname="agent/gates.spec.ts" time="0.665">
<failure message="gates.spec.ts:37:7 system reports correct activity state in test mode" type="FAILURE">
<![CDATA[  [electron] › agent/gates.spec.ts:37:7 › Agent Gate System › system reports correct activity state in test mode 

    Error: expect(received).toBe(expected) // Object.is equality

    Expected: true
    Received: false

      41 |
      42 |     // In test mode, activity monitor should be degraded
    > 43 |     expect(status.activityDegraded).toBe(true)
         |                                     ^
      44 |   })
      45 |
      46 |   test('agent initiation rate is tracked', async ({ page }) => {
        at /Users/laxus/Desktop/Projects/Lumina/tests/e2e/agent/gates.spec.ts:43:37

    attachment #1: screenshot (image/png) ──────────────────────────────────────────────────────────
    ../../test-results/agent-gates-Agent-Gate-Sys-c601b-activity-state-in-test-mode-electron/test-failed-1.png
    ────────────────────────────────────────────────────────────────────────────────────────────────
]]>
</failure>
<system-out>
<![CDATA[
[[ATTACHMENT|agent-gates-Agent-Gate-Sys-c601b-activity-state-in-test-mode-electron/test-failed-1.png]]
]]>
</system-out>
</testcase>
<testcase name="Agent Gate System › agent initiation rate is tracked" classname="agent/gates.spec.ts" time="0.687">
</testcase>
<testcase name="Agent Gate System › agent dismissal rate is tracked" classname="agent/gates.spec.ts" time="0.675">
</testcase>
<testcase name="Agent Gate System › agent status listener can be registered" classname="agent/gates.spec.ts" time="2.685">
</testcase>
<testcase name="Agent Metrics Tracking › PRD target: dismissal rate &lt; 12%" classname="agent/gates.spec.ts" time="0.687">
</testcase>
<testcase name="Agent Metrics Tracking › agent cycles logged for observability" classname="agent/gates.spec.ts" time="0.66">
</testcase>
</testsuite>
<testsuite name="memory/reranker-fallback.spec.ts" timestamp="2026-03-13T12:10:49.196Z" hostname="electron" tests="7" failures="0" skipped="0" time="31.694" errors="0">
<testcase name="Reranker Graceful Degradation › retrieval works even if reranker fails" classname="memory/reranker-fallback.spec.ts" time="2.496">
</testcase>
<testcase name="Reranker Graceful Degradation › retrieval returns results in similarity order when reranker unavailable" classname="memory/reranker-fallback.spec.ts" time="3.537">
</testcase>
<testcase name="Reranker Graceful Degradation › empty corpus retrieval degrades gracefully" classname="memory/reranker-fallback.spec.ts" time="1.515">
</testcase>
<testcase name="Reranker Graceful Degradation › retrieval completes under latency target with or without reranker" classname="memory/reranker-fallback.spec.ts" time="4.075">
</testcase>
<testcase name="Reranker Graceful Degradation › chat integration works with reranker fallback" classname="memory/reranker-fallback.spec.ts" time="14.899">
</testcase>
<testcase name="Reranker Graceful Degradation › multiple concurrent retrieval requests handle fallback correctly" classname="memory/reranker-fallback.spec.ts" time="3.803">
</testcase>
<testcase name="Reranker Fallback Behavior Documentation › system reports expected behavior when reranker degrades" classname="memory/reranker-fallback.spec.ts" time="1.369">
</testcase>
</testsuite>
<testsuite name="memory/retrieval.spec.ts" timestamp="2026-03-13T12:10:49.196Z" hostname="electron" tests="8" failures="1" skipped="0" time="22.095" errors="0">
<testcase name="Memory Retrieval › memory search returns expected structure" classname="memory/retrieval.spec.ts" time="1.459">
</testcase>
<testcase name="Memory Retrieval › memory search with empty query" classname="memory/retrieval.spec.ts" time="0.683">
</testcase>
<testcase name="Memory Retrieval › memory search completes under 250ms target (when warm)" classname="memory/retrieval.spec.ts" time="1.843">
</testcase>
<testcase name="Memory Retrieval › creates journal entry and retrieves it via memory search" classname="memory/retrieval.spec.ts" time="4.377">
</testcase>
<testcase name="Memory Retrieval › retrieval results include expected fields" classname="memory/retrieval.spec.ts" time="1.495">
</testcase>
<testcase name="Memory Retrieval › memory search handles special characters" classname="memory/retrieval.spec.ts" time="1.512">
</testcase>
<testcase name="Memory &amp; Chat Integration › chat retrieves relevant memories" classname="memory/retrieval.spec.ts" time="9.174">
</testcase>
<testcase name="Memory &amp; Chat Integration › PRD target: retrieval latency &lt; 250ms" classname="memory/retrieval.spec.ts" time="1.552">
<failure message="retrieval.spec.ts:135:7 PRD target: retrieval latency &lt; 250ms" type="FAILURE">
<![CDATA[  [electron] › memory/retrieval.spec.ts:135:7 › Memory & Chat Integration › PRD target: retrieval latency < 250ms 

    Error: expect(received).toBeLessThan(expected)

    Expected: < 250
    Received:   855

      139 |
      140 |     // In test environment (minimal data), should be well under target
    > 141 |     expect(result.durationMs).toBeLessThan(250)
          |                               ^
      142 |   })
      143 | })
      144 |
        at /Users/laxus/Desktop/Projects/Lumina/tests/e2e/memory/retrieval.spec.ts:141:31

    attachment #1: screenshot (image/png) ──────────────────────────────────────────────────────────
    ../../test-results/memory-retrieval-Memory-Ch-becc4-get-retrieval-latency-250ms-electron/test-failed-1.png
    ────────────────────────────────────────────────────────────────────────────────────────────────
]]>
</failure>
<system-out>
<![CDATA[
[[ATTACHMENT|memory-retrieval-Memory-Ch-becc4-get-retrieval-latency-250ms-electron/test-failed-1.png]]
]]>
</system-out>
</testcase>
</testsuite>
<testsuite name="smoke.spec.ts" timestamp="2026-03-13T12:10:49.196Z" hostname="electron" tests="8" failures="1" skipped="0" time="21.776" errors="0">
<testcase name="Smoke Test — Critical Path › app launches and initializes successfully" classname="smoke.spec.ts" time="0.693">
</testcase>
<testcase name="Smoke Test — Critical Path › onboarding flow completes" classname="smoke.spec.ts" time="0.658">
</testcase>
<testcase name="Smoke Test — Critical Path › companion panel opens and closes" classname="smoke.spec.ts" time="2.683">
</testcase>
<testcase name="Smoke Test — Critical Path › journal entry saves and ingests into memory" classname="smoke.spec.ts" time="1.688">
</testcase>
<testcase name="Smoke Test — Critical Path › chat message sends and receives response" classname="smoke.spec.ts" time="3.913">
</testcase>
<testcase name="Smoke Test — Critical Path › settings panel opens and shows metrics" classname="smoke.spec.ts" time="0.724">
</testcase>
<testcase name="Smoke Test — Critical Path › system status reports correctly" classname="smoke.spec.ts" time="0.695">
<failure message="smoke.spec.ts:130:7 system status reports correctly" type="FAILURE">
<![CDATA[  [electron] › smoke.spec.ts:130:7 › Smoke Test — Critical Path › system status reports correctly ──

    Error: expect(received).toBe(expected) // Object.is equality

    Expected: true
    Received: false

      139 |
      140 |     // In test mode, activity monitor should be degraded (disabled)
    > 141 |     expect(status.activityDegraded).toBe(true)
          |                                     ^
      142 |   })
      143 |
      144 |   test('app does not crash after 10 seconds of runtime', async ({ page, electronApp }) => {
        at /Users/laxus/Desktop/Projects/Lumina/tests/e2e/smoke.spec.ts:141:37

    attachment #1: screenshot (image/png) ──────────────────────────────────────────────────────────
    ../../test-results/smoke-Smoke-Test-—-Critica-41e56-em-status-reports-correctly-electron/test-failed-1.png
    ────────────────────────────────────────────────────────────────────────────────────────────────
]]>
</failure>
<system-out>
<![CDATA[
[[ATTACHMENT|smoke-Smoke-Test-—-Critica-41e56-em-status-reports-correctly-electron/test-failed-1.png]]
]]>
</system-out>
</testcase>
<testcase name="Smoke Test — Critical Path › app does not crash after 10 seconds of runtime" classname="smoke.spec.ts" time="10.722">
</testcase>
</testsuite>
<testsuite name="ui/chat.spec.ts" timestamp="2026-03-13T12:10:49.196Z" hostname="electron" tests="7" failures="0" skipped="0" time="46.322" errors="0">
<testcase name="Chat Interface › sends chat message and receives response via IPC" classname="ui/chat.spec.ts" time="4.274">
</testcase>
<testcase name="Chat Interface › handles streaming response deltas" classname="ui/chat.spec.ts" time="11.402">
</testcase>
<testcase name="Chat Interface › receives done event with groundedness score" classname="ui/chat.spec.ts" time="8.72">
</testcase>
<testcase name="Chat Interface › preserves conversation across multiple messages" classname="ui/chat.spec.ts" time="11.726">
</testcase>
<testcase name="Chat Interface › handles empty message gracefully" classname="ui/chat.spec.ts" time="0.827">
</testcase>
<testcase name="Chat Interface › handles overly long message" classname="ui/chat.spec.ts" time="0.708">
</testcase>
<testcase name="Chat Interface › metrics updated after chat message" classname="ui/chat.spec.ts" time="8.665">
</testcase>
</testsuite>
<testsuite name="ui/journal.spec.ts" timestamp="2026-03-13T12:10:49.196Z" hostname="electron" tests="7" failures="0" skipped="0" time="6.739" errors="0">
<testcase name="Journal System › creates freeform journal entry" classname="ui/journal.spec.ts" time="0.711">
</testcase>
<testcase name="Journal System › creates prompted journal entry with guiding question" classname="ui/journal.spec.ts" time="0.66">
</testcase>
<testcase name="Journal System › handles empty journal entry gracefully" classname="ui/journal.spec.ts" time="0.646">
</testcase>
<testcase name="Journal System › triggers background memory ingestion" classname="ui/journal.spec.ts" time="2.683">
</testcase>
<testcase name="Journal System › creates multiple entries in sequence" classname="ui/journal.spec.ts" time="0.686">
</testcase>
<testcase name="Journal System › handles very long journal entry" classname="ui/journal.spec.ts" time="0.664">
</testcase>
<testcase name="Journal System › journal entry with emotional content" classname="ui/journal.spec.ts" time="0.689">
</testcase>
</testsuite>
<testsuite name="ui/mood.spec.ts" timestamp="2026-03-13T12:10:49.196Z" hostname="electron" tests="6" failures="0" skipped="0" time="4.348" errors="0">
<testcase name="Mood System › logs frustrated mood" classname="ui/mood.spec.ts" time="0.658">
</testcase>
<testcase name="Mood System › logs okay mood" classname="ui/mood.spec.ts" time="0.642">
</testcase>
<testcase name="Mood System › logs good mood" classname="ui/mood.spec.ts" time="0.658">
</testcase>
<testcase name="Mood System › logs amazing mood" classname="ui/mood.spec.ts" time="0.657">
</testcase>
<testcase name="Mood System › logs multiple moods in sequence" classname="ui/mood.spec.ts" time="1.081">
</testcase>
<testcase name="Mood System › mood values are stored with source=emoji_vibe" classname="ui/mood.spec.ts" time="0.652">
</testcase>
</testsuite>
<testsuite name="ui/settings.spec.ts" timestamp="2026-03-13T12:10:49.196Z" hostname="electron" tests="8" failures="0" skipped="0" time="5.329" errors="0">
<testcase name="Settings Panel › retrieves current settings" classname="ui/settings.spec.ts" time="0.638">
</testcase>
<testcase name="Settings Panel › updates model setting" classname="ui/settings.spec.ts" time="0.661">
</testcase>
<testcase name="Settings Panel › updates checkin frequency" classname="ui/settings.spec.ts" time="0.649">
</testcase>
<testcase name="Settings Panel › retrieves system status" classname="ui/settings.spec.ts" time="0.689">
</testcase>
<testcase name="Settings Panel › retrieves performance metrics" classname="ui/settings.spec.ts" time="0.697">
</testcase>
<testcase name="Settings Panel › observability setting toggle" classname="ui/settings.spec.ts" time="0.691">
</testcase>
<testcase name="Settings Panel › activity monitor toggle" classname="ui/settings.spec.ts" time="0.659">
</testcase>
<testcase name="Settings Panel › settings persist across app restarts" classname="ui/settings.spec.ts" time="0.645">
</testcase>
</testsuite>
</testsuites>